[www.beisbolcubano.cu/general/calendario.html]
[backblue.gif]
[fade.gif]
[index.html]
[www.beisbolcubano.cu/css/style33db6ed4.css]
[www.beisbolcubano.cu/css/assets33db33db.css]
[www.beisbolcubano.cu/css/bootstrap33db33db.css]
[www.beisbolcubano.cu/css/font-awesome33db33db.css]
[www.beisbolcubano.cu/css/responsive33db33db.css]
[www.beisbolcubano.cu/images/estilos/snb60_c.png]
[www.beisbolcubano.cu/general/ScoreBoard.html]
[www.beisbolcubano.cu/images/logos/100 x 100/pri.png]
[www.beisbolcubano.cu/general/todos_equipos.html]
[www.beisbolcubano.cu/images/logos/100 x 100/ijv.png]
[www.beisbolcubano.cu/general/equiposb4b7.html]
[www.beisbolcubano.cu/images/logos/100 x 100/art.png]
[www.beisbolcubano.cu/general/equipos27c8.html]
[www.beisbolcubano.cu/general/equipos2379.html]
[www.beisbolcubano.cu/images/logos/100 x 100/may.png]
[www.beisbolcubano.cu/images/logos/100 x 100/ind.png]
[www.beisbolcubano.cu/general/equiposf34b.html]
[www.beisbolcubano.cu/images/logos/100 x 100/mtz.png]
[www.beisbolcubano.cu/general/equipos6ed1.html]
[www.beisbolcubano.cu/images/logos/100 x 100/cfg.png]
[www.beisbolcubano.cu/general/equipos7e6e.html]
[www.beisbolcubano.cu/general/equiposeee8.html]
[www.beisbolcubano.cu/images/logos/100 x 100/vcl.png]
[www.beisbolcubano.cu/images/logos/100 x 100/ssp.png]
[www.beisbolcubano.cu/images/logos/100 x 100/cav.png]
[www.beisbolcubano.cu/general/equipos05bc.html]
[www.beisbolcubano.cu/general/equipos675a.html]
[www.beisbolcubano.cu/general/equiposab30.html]
[www.beisbolcubano.cu/images/logos/100 x 100/cmg.png]
[www.beisbolcubano.cu/images/logos/100 x 100/ltu.png]
[www.beisbolcubano.cu/general/equipos6486.html]
[www.beisbolcubano.cu/images/logos/100 x 100/hol.png]
[www.beisbolcubano.cu/general/equipos9553.html]
[www.beisbolcubano.cu/images/logos/100 x 100/gra.png]
[www.beisbolcubano.cu/general/equipos8349.html]
[www.beisbolcubano.cu/general/equiposb870.html]
[www.beisbolcubano.cu/images/logos/100 x 100/scu.png]
[www.beisbolcubano.cu/images/logos/100 x 100/gtm.png]
[www.beisbolcubano.cu/images/estilos/snb.png]
[www.beisbolcubano.cu/images/logos/24 x 24/pri.png]
[www.beisbolcubano.cu/images/estilos/SNB60_c-2.png]
[www.beisbolcubano.cu/general/equiposd2da.html]
[www.beisbolcubano.cu/general/equiposf1cd.html]
[www.beisbolcubano.cu/images/logos/24 x 24/ijv.png]
[www.beisbolcubano.cu/images/logos/24 x 24/art.png]
[www.beisbolcubano.cu/images/logos/24 x 24/may.png]
[www.beisbolcubano.cu/images/logos/24 x 24/ssp.png]
[www.beisbolcubano.cu/images/logos/24 x 24/cav.png]
[www.beisbolcubano.cu/images/logos/24 x 24/cmg.png]
[www.beisbolcubano.cu/images/logos/24 x 24/ltu.png]
[www.beisbolcubano.cu/images/logos/24 x 24/ind.png]
[www.beisbolcubano.cu/images/logos/24 x 24/mtz.png]
[www.beisbolcubano.cu/images/logos/24 x 24/cfg.png]
[www.beisbolcubano.cu/images/logos/24 x 24/vcl.png]
[www.beisbolcubano.cu/images/logos/24 x 24/hol.png]
[www.beisbolcubano.cu/images/logos/24 x 24/gra.png]
[www.beisbolcubano.cu/images/logos/24 x 24/scu.png]
[www.beisbolcubano.cu/images/logos/24 x 24/gtm.png]
[www.beisbolcubano.cu/images/logos/100 x 100/snb.png]
[www.beisbolcubano.cu/general/calendarioc3c6.html]
[www.beisbolcubano.cu/general/calendariob4b7.html]
[www.beisbolcubano.cu/general/calendario2379.html]
[www.beisbolcubano.cu/general/calendario27c8.html]
[www.beisbolcubano.cu/general/calendariof34b.html]
[www.beisbolcubano.cu/general/calendario6ed1.html]
[www.beisbolcubano.cu/general/calendarioeee8.html]
[www.beisbolcubano.cu/general/calendario7e6e.html]
[www.beisbolcubano.cu/general/calendario05bc.html]
[www.beisbolcubano.cu/general/calendario675a.html]
[www.beisbolcubano.cu/general/calendarioab30.html]
[www.beisbolcubano.cu/general/calendario6486.html]
[www.beisbolcubano.cu/general/calendario9553.html]
[www.beisbolcubano.cu/general/calendario8349.html]
[www.beisbolcubano.cu/general/calendariob870.html]
[www.beisbolcubano.cu/images/logos/45 x 45/CFG.png]
[www.beisbolcubano.cu/general/calendariod2da.html]
[www.beisbolcubano.cu/images/logos/45 x 45/MTZ.png]
[www.beisbolcubano.cu/images/logos/45 x 45/PRI.png]
[www.beisbolcubano.cu/images/logos/45 x 45/SSP.png]
[www.beisbolcubano.cu/images/logos/45 x 45/LTU.png]
[www.beisbolcubano.cu/images/logos/45 x 45/SCU.png]
[www.beisbolcubano.cu/images/logos/45 x 45/IND.png]
[www.beisbolcubano.cu/images/logos/45 x 45/GRA.png]
[www.beisbolcubano.cu/images/logos/45 x 45/IJV.png]
[www.beisbolcubano.cu/images/logos/45 x 45/VCL.png]
[www.beisbolcubano.cu/general/calendariof1cd.html]
[www.beisbolcubano.cu/images/logos/45 x 45/ART.png]
[www.beisbolcubano.cu/images/logos/45 x 45/HOL.png]
[www.beisbolcubano.cu/images/logos/45 x 45/GTM.png]
[www.beisbolcubano.cu/general/calendario.html]
[www.beisbolcubano.cu/images/logos/45 x 45/MAY.png]
[www.beisbolcubano.cu/images/logos/45 x 45/CAV.png]
[www.beisbolcubano.cu/images/logos/45 x 45/CMG.png]
[www.beisbolcubano.cu/css/bootstrap33db33db.css]
[www.beisbolcubano.cu/images/logos/footer/sinfo-logo_c.png]
[www.beisbolcubano.cu/images/logos/footer/coc_c.png]
[www.beisbolcubano.cu/images/logos/footer/SNB60_c.png]
[www.beisbolcubano.cu/images/logos/footer/fcb_c.png]
[www.beisbolcubano.cu/images/logos/footer/snb_c.png]
[www.beisbolcubano.cu/images/logos/footer/SNB60_CDR60_c.png]
[www.beisbolcubano.cu/css/fontawesome-webfontce30ce30.eot]
[www.beisbolcubano.cu/images/logos/footer/jit_c.png]
[www.beisbolcubano.cu/images/logos/footer/inder_h_c.png]
[www.beisbolcubano.cu/js/shop33db.js]
[www.beisbolcubano.cu/js/jquery.bxslider.min33dbaf46.js]
[www.beisbolcubano.cu/js/jquery.fancybox.min33db33db.js]
[www.beisbolcubano.cu/js/jquery.nivoslider.min33db.js]
[www.beisbolcubano.cu/css/fontawesome-webfont45804580.eot]
[www.beisbolcubano.cu/js/jquery.ajax-cart33db33db.js]
[www.beisbolcubano.cu/css/fontawesome-webfontce30ce30.woff]
[www.beisbolcubano.cu/css/fontawesome-webfontce30ce30.ttf]
[www.beisbolcubano.cu/css/font-awesome33db33db.css]
[www.beisbolcubano.cu/css/fancybox_loading.html]
[www.beisbolcubano.cu/css/assets33db33db.css]
[www.beisbolcubano.cu/css/img/bx_loader478a478a.gif]
[www.beisbolcubano.cu/css/img/body_bg_img478a478a.jpg]
[www.beisbolcubano.cu/images/logos/75 x 75/pri.png]
[www.beisbolcubano.cu/images/logos/75 x 75/ind.png]
[www.beisbolcubano.cu/images/logos/75 x 75/mtz.png]
[www.beisbolcubano.cu/images/logos/75 x 75/art.png]
[www.beisbolcubano.cu/images/logos/75 x 75/may.png]
[www.beisbolcubano.cu/images/logos/75 x 75/ijv.png]
[www.beisbolcubano.cu/images/logos/75 x 75/cfg.png]
[www.beisbolcubano.cu/images/logos/75 x 75/vcl.png]
[www.beisbolcubano.cu/images/logos/75 x 75/ssp.png]
[www.beisbolcubano.cu/images/logos/75 x 75/cav.png]
[www.beisbolcubano.cu/images/logos/75 x 75/cmg.png]
[www.beisbolcubano.cu/images/logos/75 x 75/hol.png]
[www.beisbolcubano.cu/images/logos/75 x 75/ltu.png]
[www.beisbolcubano.cu/images/logos/75 x 75/scu.png]
[www.beisbolcubano.cu/images/logos/75 x 75/gra.png]
[www.beisbolcubano.cu/images/logos/75 x 75/gtm.png]
[www.beisbolcubano.cu/images/logos/24 x 24/CAV-2.png]
[www.beisbolcubano.cu/images/logos/24 x 24/CFG-2.png]
[www.beisbolcubano.cu/images/logos/24 x 24/CMG-2.png]
[www.beisbolcubano.cu/images/logos/24 x 24/GRA-2.png]
[www.beisbolcubano.cu/images/logos/24 x 24/GTM-2.png]
[www.beisbolcubano.cu/images/logos/24 x 24/HOL-2.png]
[www.beisbolcubano.cu/images/logos/24 x 24/IJV-2.png]
[www.beisbolcubano.cu/images/logos/24 x 24/IND-2.png]
[www.beisbolcubano.cu/images/logos/24 x 24/LTU-2.png]
[www.beisbolcubano.cu/images/logos/24 x 24/MTZ-2.png]
[www.beisbolcubano.cu/images/logos/24 x 24/PRI-2.png]
[www.beisbolcubano.cu/images/logos/24 x 24/SCU-2.png]
[www.beisbolcubano.cu/images/logos/24 x 24/SSP-2.png]
[www.beisbolcubano.cu/images/logos/24 x 24/VCL-2.png]
[www.beisbolcubano.cu/images/logos/24 x 24/ART-2.png]
[www.beisbolcubano.cu/images/logos/24 x 24/MAY-2.png]
[www.beisbolcubano.cu/images/logos/ScoreBoard.png]
[www.beisbolcubano.cu/css/style33db6ed4.css]
[www.beisbolcubano.cu/css/responsive33db33db.css]
[www.beisbolcubano.cu/css/style33db1972.css]
[www.beisbolcubano.cu/Scripts/WebForms/MsAjax/MicrosoftAjaxTimer.js]
[www.beisbolcubano.cu/Scripts/WebForms/MsAjax/MicrosoftAjaxWebForms.js]
[www.beisbolcubano.cu/Scripts/WebForms/MsAjax/MicrosoftAjax.js]
[www.beisbolcubano.cu/js/bootstrap-datepicker.es.min33db.js]
[www.beisbolcubano.cu/js/bootstrap-datepicker33db.js]
[www.beisbolcubano.cu/css/bootstrap-datepicker.css]
[www.beisbolcubano.cu/general/ScoreBoard99de.html]
[www.beisbolcubano.cu/js/BS4/bootstrap.js]
[www.beisbolcubano.cu/general/ScoreBoardfcec.html]
[weatherwidget.io/js/widget.min.js]
[www.beisbolcubano.cu/general/ScoreBoard.html]
[www.beisbolcubano.cu/css/style33db8252.css]
[www.beisbolcubano.cu/images/logos/300 x 300/pri.png]
[www.beisbolcubano.cu/images/logos/300 x 300/ijv.png]
[www.beisbolcubano.cu/images/logos/300 x 300/art.png]
[www.beisbolcubano.cu/images/logos/300 x 300/may.png]
[www.beisbolcubano.cu/images/logos/300 x 300/ind.png]
[www.beisbolcubano.cu/images/logos/300 x 300/mtz.png]
[www.beisbolcubano.cu/images/logos/300 x 300/cfg.png]
[www.beisbolcubano.cu/images/logos/300 x 300/vcl.png]
[www.beisbolcubano.cu/images/logos/300 x 300/ssp.png]
[www.beisbolcubano.cu/images/logos/300 x 300/cav.png]
[www.beisbolcubano.cu/images/logos/300 x 300/cmg.png]
[www.beisbolcubano.cu/images/logos/300 x 300/ltu.png]
[www.beisbolcubano.cu/images/logos/300 x 300/hol.png]
[www.beisbolcubano.cu/images/logos/300 x 300/gra.png]
[www.beisbolcubano.cu/images/logos/300 x 300/scu.png]
[www.beisbolcubano.cu/images/logos/300 x 300/gtm.png]
[www.beisbolcubano.cu/general/todos_equipos.html]
[www.beisbolcubano.cu/css/style33db_Equipos.css]
[www.beisbolcubano.cu/css/responsive33db.css]
[www.beisbolcubano.cu/images/equipos/pri.jpg]
[www.beisbolcubano.cu/images/vestuarios/variante2/pri-variante-2.png]
[www.beisbolcubano.cu/images/mapas/pri-mapa2.png]
[www.beisbolcubano.cu/images/mapas/pri-mapa1.png]
[www.beisbolcubano.cu/general/equiposb4b7.html]
[www.beisbolcubano.cu/images/equipos/ijv.jpg]
[www.beisbolcubano.cu/images/vestuarios/variante2/ijv-variante-2.png]
[www.beisbolcubano.cu/images/mapas/ijv-mapa2.png]
[www.beisbolcubano.cu/images/mapas/ijv-mapa1.png]
[www.beisbolcubano.cu/general/equipos27c8.html]
[www.beisbolcubano.cu/images/equipos/art.jpg]
[www.beisbolcubano.cu/images/vestuarios/variante2/art-variante-2.png]
[www.beisbolcubano.cu/images/mapas/art-mapa2.png]
[www.beisbolcubano.cu/images/mapas/art-mapa1.png]
[www.beisbolcubano.cu/general/equipos2379.html]
[www.beisbolcubano.cu/images/equipos/may.jpg]
[www.beisbolcubano.cu/images/vestuarios/variante2/may-variante-2.png]
[www.beisbolcubano.cu/images/mapas/may-mapa2.png]
[www.beisbolcubano.cu/images/mapas/may-mapa1.png]
[www.beisbolcubano.cu/general/equiposf34b.html]
[www.beisbolcubano.cu/images/equipos/ind.jpg]
[www.beisbolcubano.cu/images/vestuarios/variante2/ind-variante-2.png]
[www.beisbolcubano.cu/images/mapas/ind-mapa2.png]
[www.beisbolcubano.cu/images/mapas/ind-mapa1.png]
[www.beisbolcubano.cu/general/equipos6ed1.html]
[www.beisbolcubano.cu/images/equipos/mtz.jpg]
[www.beisbolcubano.cu/images/vestuarios/variante2/mtz-variante-2.png]
[www.beisbolcubano.cu/images/mapas/mtz-mapa2.png]
[www.beisbolcubano.cu/images/mapas/mtz-mapa1.png]
[www.beisbolcubano.cu/general/equipos7e6e.html]
[www.beisbolcubano.cu/images/equipos/cfg.jpg]
[www.beisbolcubano.cu/images/vestuarios/variante2/cfg-variante-2.png]
[www.beisbolcubano.cu/images/mapas/cfg-mapa2.png]
[www.beisbolcubano.cu/images/mapas/cfg-mapa1.png]
[www.beisbolcubano.cu/general/equiposeee8.html]
[www.beisbolcubano.cu/images/equipos/vcl.jpg]
[www.beisbolcubano.cu/images/vestuarios/variante2/vcl-variante-2.png]
[www.beisbolcubano.cu/images/mapas/vcl-mapa2.png]
[www.beisbolcubano.cu/images/mapas/vcl-mapa1.png]
[www.beisbolcubano.cu/general/equipos05bc.html]
[www.beisbolcubano.cu/images/equipos/ssp.jpg]
[www.beisbolcubano.cu/images/vestuarios/variante2/ssp-variante-2.png]
[www.beisbolcubano.cu/images/mapas/ssp-mapa2.png]
[www.beisbolcubano.cu/images/mapas/ssp-mapa1.png]
[www.beisbolcubano.cu/general/equipos675a.html]
[www.beisbolcubano.cu/images/equipos/cav.jpg]
[www.beisbolcubano.cu/images/vestuarios/variante2/cav-variante-2.png]
[www.beisbolcubano.cu/images/mapas/cav-mapa2.png]
[www.beisbolcubano.cu/images/mapas/cav-mapa1.png]
[www.beisbolcubano.cu/general/equiposab30.html]
[www.beisbolcubano.cu/images/equipos/cmg.jpg]
[www.beisbolcubano.cu/images/vestuarios/variante2/cmg-variante-2.png]
[www.beisbolcubano.cu/images/mapas/cmg-mapa2.png]
[www.beisbolcubano.cu/images/mapas/cmg-mapa1.png]
[www.beisbolcubano.cu/general/equipos6486.html]
[www.beisbolcubano.cu/images/equipos/ltu.jpg]
[www.beisbolcubano.cu/images/vestuarios/variante2/ltu-variante-2.png]
[www.beisbolcubano.cu/images/mapas/ltu-mapa2.png]
[www.beisbolcubano.cu/images/mapas/ltu-mapa1.png]
[www.beisbolcubano.cu/general/equipos9553.html]
[www.beisbolcubano.cu/images/equipos/hol.jpg]
[www.beisbolcubano.cu/images/vestuarios/variante2/hol-variante-2.png]
[www.beisbolcubano.cu/images/mapas/hol-mapa2.png]
[www.beisbolcubano.cu/images/mapas/hol-mapa1.png]
[www.beisbolcubano.cu/general/equipos8349.html]
[www.beisbolcubano.cu/images/equipos/gra.jpg]
[www.beisbolcubano.cu/images/vestuarios/variante2/gra-variante-2.png]
[www.beisbolcubano.cu/images/mapas/gra-mapa2.png]
[www.beisbolcubano.cu/images/mapas/gra-mapa1.png]
[www.beisbolcubano.cu/general/equiposb870.html]
[www.beisbolcubano.cu/images/equipos/scu.jpg]
[www.beisbolcubano.cu/images/vestuarios/variante2/scu-variante-2.png]
[www.beisbolcubano.cu/images/mapas/scu-mapa2.png]
[www.beisbolcubano.cu/images/mapas/scu-mapa1.png]
[www.beisbolcubano.cu/general/equiposd2da.html]
[www.beisbolcubano.cu/images/equipos/gtm.jpg]
[www.beisbolcubano.cu/images/vestuarios/variante2/gtm-variante-2.png]
[www.beisbolcubano.cu/images/mapas/gtm-mapa2.png]
[www.beisbolcubano.cu/images/mapas/gtm-mapa1.png]
[www.beisbolcubano.cu/general/equiposf1cd.html]
[www.beisbolcubano.cu/css/calendario33db.css]
[www.beisbolcubano.cu/css/style33dbfe46.css]
[www.beisbolcubano.cu/general/calendarioc3c6.html]
[www.beisbolcubano.cu/css/style33db5ea4.css]
[www.beisbolcubano.cu/general/calendariob4b7.html]
[www.beisbolcubano.cu/css/style33db3182.css]
[www.beisbolcubano.cu/general/calendario27c8.html]
[www.beisbolcubano.cu/css/style33db322a.css]
[www.beisbolcubano.cu/general/calendario2379.html]
[www.beisbolcubano.cu/css/style33db115d.css]
[www.beisbolcubano.cu/general/calendariof34b.html]
[www.beisbolcubano.cu/css/style33dbbbee.css]
[www.beisbolcubano.cu/general/calendario6ed1.html]
[www.beisbolcubano.cu/css/style33dbb1d8.css]
[www.beisbolcubano.cu/general/calendario7e6e.html]
[www.beisbolcubano.cu/css/style33db5b1a.css]
[www.beisbolcubano.cu/general/calendarioeee8.html]
[www.beisbolcubano.cu/css/style33db3de5.css]
[www.beisbolcubano.cu/general/calendario05bc.html]
[www.beisbolcubano.cu/css/style33dbbd60.css]
[www.beisbolcubano.cu/general/calendario675a.html]
[www.beisbolcubano.cu/css/style33db9580.css]
[www.beisbolcubano.cu/general/calendarioab30.html]
[www.beisbolcubano.cu/css/style33db8e8f.css]
[www.beisbolcubano.cu/general/calendario6486.html]
[www.beisbolcubano.cu/css/style33dbca2a.css]
[www.beisbolcubano.cu/general/calendario9553.html]
[www.beisbolcubano.cu/css/style33db35cb.css]
[www.beisbolcubano.cu/general/calendario8349.html]
[www.beisbolcubano.cu/css/style33db13ed.css]
[www.beisbolcubano.cu/general/calendariob870.html]
[www.beisbolcubano.cu/css/style33db7483.css]
[www.beisbolcubano.cu/general/calendariod2da.html]
[www.beisbolcubano.cu/css/style33db619e.css]
[www.beisbolcubano.cu/general/calendariof1cd.html]
[www.beisbolcubano.cu/general/default.html]
[www.beisbolcubano.cu/css/fontawesome-webfont5dad5dad.svg]
[www.beisbolcubano.cu/css/bx_loader17821782.html]
[www.beisbolcubano.cu/css/fancybox_loading.html]
[www.beisbolcubano.cu/css/blank.html]
[www.beisbolcubano.cu/css/img/bx_loade2478a478a.html]
[www.beisbolcubano.cu/css/images/logo_trans.html]
[www.beisbolcubano.cu/images/logos/75 x 75/met.html]
[www.beisbolcubano.cu/images/BgRed.html]
[www.beisbolcubano.cu/images/logos/24 x 24/HAB.html]
[www.beisbolcubano.cu/images/logos/24 x 24/MET.html]
[www.beisbolcubano.cu/images/logos/24 x 24/CHA.html]
[www.beisbolcubano.cu/images/logos/24 x 24/OCC.html]
[www.beisbolcubano.cu/images/logos/24 x 24/ORI.html]
[www.beisbolcubano.cu/images/logos/24 x 24/CUB.html]
[www.beisbolcubano.cu/images/logos/24 x 24/TBR.html]
[www.beisbolcubano.cu/images/logos/24 x 24/USA.html]
[www.beisbolcubano.cu/css/style33db1972.css]
[www.beisbolcubano.cu/css/bootstrap-datepicker.css]
[www.beisbolcubano.cu/css/style33db4e50.css]
[www.beisbolcubano.cu/images/logos/30 x 30/IND.png]
[www.beisbolcubano.cu/images/logos/30 x 30/PRI.png]
[www.beisbolcubano.cu/general/ScoreBoard605a.html]
[www.beisbolcubano.cu/images/logos/BoxScore.png]
[www.beisbolcubano.cu/images/PELOTERO SNB/5256.jpg]
[www.beisbolcubano.cu/images/PELOTERO SNB/9239.jpg]
[www.beisbolcubano.cu/images/logos/100 x 100/IND-2.png]
[www.beisbolcubano.cu/images/logos/100 x 100/PRI-2.png]
[www.beisbolcubano.cu/general/ScoreBoard99de.html]
[www.beisbolcubano.cu/css/style33db4165.css]
[www.beisbolcubano.cu/images/logos/30 x 30/LTU.png]
[www.beisbolcubano.cu/images/logos/30 x 30/SCU.png]
[www.beisbolcubano.cu/images/PELOTERO SNB/5090.jpg]
[www.beisbolcubano.cu/images/PELOTERO SNB/4708.jpg]
[www.beisbolcubano.cu/images/PELOTERO SNB/5599.jpg]
[www.beisbolcubano.cu/general/ScoreBoard96a0.html]
[www.beisbolcubano.cu/images/PELOTERO SNB/5499.jpg]
[www.beisbolcubano.cu/images/PELOTERO SNB/00 Vacio 1.jpg]
[www.beisbolcubano.cu/images/logos/100 x 100/LTU-2.png]
[www.beisbolcubano.cu/images/logos/100 x 100/SCU-2.png]
[www.beisbolcubano.cu/images/logos/30 x 30/GRA.png]
[www.beisbolcubano.cu/images/PELOTERO SNB/4282.jpg]
[www.beisbolcubano.cu/images/PELOTERO SNB/4462.jpg]
[www.beisbolcubano.cu/images/PELOTERO SNB/4764.jpg]
[www.beisbolcubano.cu/images/PELOTERO SNB/5010.jpg]
[www.beisbolcubano.cu/images/PELOTERO SNB/6003.jpg]
[www.beisbolcubano.cu/images/logos/100 x 100/GRA-2.png]
[www.beisbolcubano.cu/general/ScoreBoardfcec.html]
[www.beisbolcubano.cu/css/style33db8252.css]
[www.beisbolcubano.cu/css/img/bx_loader478a.gif]
[www.beisbolcubano.cu/css/img/body_bg_img478a.jpg]
[www.beisbolcubano.cu/css/style33db_Equipos.css]
[www.beisbolcubano.cu/css/responsive33db.css]
[www.beisbolcubano.cu/general/_/default.html]
[www.beisbolcubano.cu/images/logos/footer/sinfo-logo.html]
[www.beisbolcubano.cu/images/logos/footer/coc.html]
[www.beisbolcubano.cu/images/logos/footer/fcb.html]
[www.beisbolcubano.cu/images/logos/footer/inder.html]
[www.beisbolcubano.cu/images/logos/footer/jit.html]
[www.beisbolcubano.cu/images/logos/footer/snb.html]
[www.beisbolcubano.cu/css/style33dbfe46.css]
[www.beisbolcubano.cu/css/style33db5ea4.css]
[www.beisbolcubano.cu/css/style33db3182.css]
[www.beisbolcubano.cu/css/style33db322a.css]
[www.beisbolcubano.cu/css/style33db115d.css]
[www.beisbolcubano.cu/css/style33dbbbee.css]
[www.beisbolcubano.cu/css/style33dbb1d8.css]
[www.beisbolcubano.cu/css/style33db5b1a.css]
[www.beisbolcubano.cu/css/style33db3de5.css]
[www.beisbolcubano.cu/css/style33dbbd60.css]
[www.beisbolcubano.cu/css/style33db9580.css]
[www.beisbolcubano.cu/css/style33db8e8f.css]
[www.beisbolcubano.cu/css/style33dbca2a.css]
[www.beisbolcubano.cu/css/style33db35cb.css]
[www.beisbolcubano.cu/css/style33db13ed.css]
[www.beisbolcubano.cu/css/style33db7483.css]
[www.beisbolcubano.cu/css/style33db619e.css]
[www.beisbolcubano.cu/css/style33db4e50.css]
[www.beisbolcubano.cu/css/style33db20ef.css]
[www.beisbolcubano.cu/images/logos/30 x 30/IJV.png]
[www.beisbolcubano.cu/general/ScoreBoarda243.html]
[www.beisbolcubano.cu/images/PELOTERO SNB/5451.jpg]
[www.beisbolcubano.cu/images/PELOTERO SNB/7073.jpg]
[www.beisbolcubano.cu/images/logos/100 x 100/IJV-2.png]
[www.beisbolcubano.cu/images/PELOTERO SNB/4002.jpg]
[www.beisbolcubano.cu/images/PELOTERO SNB/4915.jpg]
[www.beisbolcubano.cu/general/ScoreBoard605a.html]
[www.beisbolcubano.cu/css/style33db4165.css]
[www.beisbolcubano.cu/css/style33db10a6.css]
[www.beisbolcubano.cu/general/ScoreBoardcddd.html]
[www.beisbolcubano.cu/images/logos/30 x 30/CFG.png]
[www.beisbolcubano.cu/images/logos/30 x 30/MTZ.png]
[www.beisbolcubano.cu/images/PELOTERO SNB/5891.jpg]
[www.beisbolcubano.cu/images/PELOTERO SNB/4408.jpg]
[www.beisbolcubano.cu/images/PELOTERO SNB/4588.jpg]
[www.beisbolcubano.cu/images/PELOTERO SNB/4367.jpg]
[www.beisbolcubano.cu/images/PELOTERO SNB/4102.jpg]
[www.beisbolcubano.cu/images/PELOTERO SNB/5813.jpg]
[www.beisbolcubano.cu/images/logos/100 x 100/CFG-2.png]
[www.beisbolcubano.cu/images/logos/100 x 100/MTZ-2.png]
[www.beisbolcubano.cu/images/logos/30 x 30/SSP.png]
[www.beisbolcubano.cu/images/PELOTERO SNB/5099.jpg]
[www.beisbolcubano.cu/images/PELOTERO SNB/5134.jpg]
[www.beisbolcubano.cu/images/PELOTERO SNB/4145.jpg]
[www.beisbolcubano.cu/images/PELOTERO SNB/3751.jpg]
[www.beisbolcubano.cu/images/PELOTERO SNB/4539.jpg]
[www.beisbolcubano.cu/images/logos/100 x 100/SSP-2.png]
[www.beisbolcubano.cu/general/ScoreBoard96a0.html]
[www.beisbolcubano.cu/css/style33db20ef.css]
[www.beisbolcubano.cu/css/style33db9d4d.css]
[www.beisbolcubano.cu/general/ScoreBoardefca.html]
[www.beisbolcubano.cu/images/PELOTERO SNB/4339.jpg]
[www.beisbolcubano.cu/images/PELOTERO SNB/5522.jpg]
[www.beisbolcubano.cu/images/PELOTERO SNB/5968.jpg]
[www.beisbolcubano.cu/images/PELOTERO SNB/5926.jpg]
[www.beisbolcubano.cu/general/ScoreBoarda243.html]
[www.beisbolcubano.cu/css/style33db10a6.css]
[www.beisbolcubano.cu/css/style33dbdf3e.css]
[www.beisbolcubano.cu/general/ScoreBoardcddd.html]
[www.beisbolcubano.cu/general/ScoreBoard6394.html]
[localhost/js/widget_xs.min.js]
[www.beisbolcubano.cu/css/style33db9d4d.css]
[www.beisbolcubano.cu/css/style33dbe78f.css]
[www.beisbolcubano.cu/general/ScoreBoard78f4.html]
[www.beisbolcubano.cu/images/PELOTERO SNB/5752.jpg]
[www.beisbolcubano.cu/general/ScoreBoardefca.html]
[www.beisbolcubano.cu/css/style33dbdf3e.css]
[www.beisbolcubano.cu/css/style33db59c7.css]
[www.beisbolcubano.cu/general/ScoreBoard6394.html]
[www.beisbolcubano.cu/css/style33dbe78f.css]
[www.beisbolcubano.cu/css/style33db1728.css]
[www.beisbolcubano.cu/general/ScoreBoard9300.html]
[www.beisbolcubano.cu/images/PELOTERO SNB/5854.jpg]
[www.beisbolcubano.cu/images/PELOTERO SNB/8160.jpg]
[www.beisbolcubano.cu/general/ScoreBoardd76d.html]
[www.beisbolcubano.cu/images/PELOTERO SNB/5991.jpg]
[www.beisbolcubano.cu/images/PELOTERO SNB/5167.jpg]
[www.beisbolcubano.cu/general/ScoreBoard78f4.html]
[www.beisbolcubano.cu/css/style33db59c7.css]
[www.beisbolcubano.cu/css/style33dbe361.css]
[www.beisbolcubano.cu/general/ScoreBoard9300.html]
[www.beisbolcubano.cu/css/style33db1728.css]
[www.beisbolcubano.cu/css/style33dbe0b8.css]
[www.beisbolcubano.cu/images/PELOTERO SNB/5415.jpg]
[www.beisbolcubano.cu/general/ScoreBoardd76d.html]
[www.beisbolcubano.cu/general/ScoreBoard7330.html]
[www.beisbolcubano.cu/general/ScoreBoardb373.html]
[www.beisbolcubano.cu/css/style33dbe361.css]
[www.beisbolcubano.cu/css/style33dbe79f.css]
[www.beisbolcubano.cu/general/ScoreBoard7330.html]
[www.beisbolcubano.cu/css/style33dbe0b8.css]
[www.beisbolcubano.cu/css/style33db5390.css]
[www.beisbolcubano.cu/general/ScoreBoard41da.html]
[www.beisbolcubano.cu/images/logos/30 x 30/VCL.png]
[www.beisbolcubano.cu/images/PELOTERO SNB/5446.jpg]
[www.beisbolcubano.cu/general/ScoreBoarde664.html]
[www.beisbolcubano.cu/images/PELOTERO SNB/8202.jpg]
[www.beisbolcubano.cu/images/logos/100 x 100/VCL-2.png]
[www.beisbolcubano.cu/general/ScoreBoardb373.html]
[www.beisbolcubano.cu/css/style33dbe79f.css]
[www.beisbolcubano.cu/css/style33db7b1b.css]
[www.beisbolcubano.cu/general/ScoreBoard41da.html]
[www.beisbolcubano.cu/css/style33db5390.css]
[www.beisbolcubano.cu/css/style33dbc7ad.css]
[www.beisbolcubano.cu/general/ScoreBoardbfd6.html]
[www.beisbolcubano.cu/images/PELOTERO SNB/4355.jpg]
[www.beisbolcubano.cu/general/ScoreBoard5432.html]
[www.beisbolcubano.cu/images/PELOTERO SNB/5771.jpg]
[www.beisbolcubano.cu/images/PELOTERO SNB/7078.jpg]
[www.beisbolcubano.cu/general/ScoreBoarde664.html]
[www.beisbolcubano.cu/css/style33db7b1b.css]
[www.beisbolcubano.cu/css/style33dbbcac.css]
[www.beisbolcubano.cu/general/ScoreBoardbfd6.html]
[www.beisbolcubano.cu/css/style33dbc7ad.css]
[www.beisbolcubano.cu/css/style33db6d61.css]
[www.beisbolcubano.cu/general/ScoreBoardff99.html]
[www.beisbolcubano.cu/images/logos/30 x 30/HOL.png]
[www.beisbolcubano.cu/general/ScoreBoard7021.html]
[www.beisbolcubano.cu/images/PELOTERO SNB/5118.jpg]
[www.beisbolcubano.cu/images/PELOTERO SNB/5431.jpg]
[www.beisbolcubano.cu/images/logos/100 x 100/HOL-2.png]
[www.beisbolcubano.cu/images/logos/30 x 30/ART.png]
[www.beisbolcubano.cu/images/PELOTERO SNB/5258.jpg]
[www.beisbolcubano.cu/images/logos/100 x 100/ART-2.png]
[www.beisbolcubano.cu/images/PELOTERO SNB/7084.jpg]
[www.beisbolcubano.cu/general/ScoreBoard5432.html]
[www.beisbolcubano.cu/css/style33dbbcac.css]
[www.beisbolcubano.cu/css/style33db458c.css]
[www.beisbolcubano.cu/general/ScoreBoardff99.html]
[www.beisbolcubano.cu/css/style33db6d61.css]
[www.beisbolcubano.cu/css/style33db7558.css]
[www.beisbolcubano.cu/images/PELOTERO SNB/5215.jpg]
[www.beisbolcubano.cu/general/ScoreBoard1de8.html]
[www.beisbolcubano.cu/images/PELOTERO SNB/3887.jpg]
[www.beisbolcubano.cu/general/ScoreBoardb790.html]
[www.beisbolcubano.cu/general/ScoreBoard7021.html]
[www.beisbolcubano.cu/css/style33db458c.css]
[www.beisbolcubano.cu/css/style33dba212.css]
[www.beisbolcubano.cu/general/ScoreBoard1de8.html]
[www.beisbolcubano.cu/css/style33db7558.css]
[www.beisbolcubano.cu/css/style33db6a27.css]
[www.beisbolcubano.cu/images/PELOTERO SNB/4746.jpg]
[www.beisbolcubano.cu/general/ScoreBoardb5d1.html]
[www.beisbolcubano.cu/images/PELOTERO SNB/6004.jpg]
[www.beisbolcubano.cu/images/logos/30 x 30/GTM.png]
[www.beisbolcubano.cu/images/PELOTERO SNB/5988.jpg]
[www.beisbolcubano.cu/images/PELOTERO SNB/9243.jpg]
[www.beisbolcubano.cu/images/logos/100 x 100/GTM-2.png]
[www.beisbolcubano.cu/images/logos/30 x 30/MAY.png]
[www.beisbolcubano.cu/images/PELOTERO SNB/5798.jpg]
[www.beisbolcubano.cu/images/PELOTERO SNB/4264.jpg]
[www.beisbolcubano.cu/images/logos/100 x 100/MAY-2.png]
[www.beisbolcubano.cu/images/PELOTERO SNB/5378.jpg]
[www.beisbolcubano.cu/images/PELOTERO SNB/5317.jpg]
[www.beisbolcubano.cu/images/PELOTERO SNB/8183.jpg]
[www.beisbolcubano.cu/images/logos/30 x 30/CAV.png]
[www.beisbolcubano.cu/images/PELOTERO SNB/9234.jpg]
[www.beisbolcubano.cu/images/logos/100 x 100/CAV-2.png]
[www.beisbolcubano.cu/images/logos/30 x 30/CMG.png]
[www.beisbolcubano.cu/images/PELOTERO SNB/4722.jpg]
[www.beisbolcubano.cu/images/PELOTERO SNB/5479.jpg]
[www.beisbolcubano.cu/images/logos/100 x 100/CMG-2.png]
[www.beisbolcubano.cu/general/ScoreBoardb790.html]
[www.beisbolcubano.cu/css/style33dba212.css]
[www.beisbolcubano.cu/css/style33db6a27.css]
[www.beisbolcubano.cu/css/style33dbd1b1.css]
[www.beisbolcubano.cu/general/ScoreBoardfef4.html]
[www.beisbolcubano.cu/images/PELOTERO SNB/4697.jpg]
[www.beisbolcubano.cu/images/PELOTERO SNB/3666.jpg]
[www.beisbolcubano.cu/images/PELOTERO SNB/5703.jpg]
[www.beisbolcubano.cu/images/PELOTERO SNB/9267.jpg]
[www.beisbolcubano.cu/images/PELOTERO SNB/5368.jpg]
[www.beisbolcubano.cu/images/PELOTERO SNB/5862.jpg]
[www.beisbolcubano.cu/images/PELOTERO SNB/5808.jpg]
[www.beisbolcubano.cu/images/PELOTERO SNB/5698.jpg]
[www.beisbolcubano.cu/images/PELOTERO SNB/7119.jpg]
[www.beisbolcubano.cu/images/PELOTERO SNB/9244.jpg]
[www.beisbolcubano.cu/images/PELOTERO SNB/5022.jpg]
[www.beisbolcubano.cu/images/PELOTERO SNB/6039.jpg]
[www.beisbolcubano.cu/images/PELOTERO SNB/4699.jpg]
[www.beisbolcubano.cu/images/PELOTERO SNB/5488.jpg]
[www.beisbolcubano.cu/images/PELOTERO SNB/6069.jpg]
[www.beisbolcubano.cu/images/PELOTERO SNB/4950.jpg]
[www.beisbolcubano.cu/general/ScoreBoardb5d1.html]
[www.beisbolcubano.cu/css/style33dbd1b1.css]
[www.beisbolcubano.cu/css/style33db6dd7.css]
[www.beisbolcubano.cu/general/ScoreBoard7d2e.html]
[www.beisbolcubano.cu/images/PELOTERO SNB/5542.jpg]
[www.beisbolcubano.cu/images/PELOTERO SNB/4419.jpg]
[www.beisbolcubano.cu/images/PELOTERO SNB/5072.jpg]
[www.beisbolcubano.cu/images/PELOTERO SNB/9284.jpg]
[www.beisbolcubano.cu/general/ScoreBoardfef4.html]
[www.beisbolcubano.cu/general/ScoreBoardb6db.html]
[www.beisbolcubano.cu/css/style33db6dd7.css]
[www.beisbolcubano.cu/css/style33dbe1dc.css]
[www.beisbolcubano.cu/images/PELOTERO SNB/4138.jpg]
[www.beisbolcubano.cu/general/ScoreBoard4bcb.html]
[www.beisbolcubano.cu/images/PELOTERO SNB/4890.jpg]
[www.beisbolcubano.cu/images/PELOTERO SNB/4790.jpg]
[www.beisbolcubano.cu/images/PELOTERO SNB/3700.jpg]
[www.beisbolcubano.cu/images/PELOTERO SNB/5208.jpg]
[www.beisbolcubano.cu/images/PELOTERO SNB/5409.jpg]
[www.beisbolcubano.cu/images/PELOTERO SNB/8197.jpg]
[www.beisbolcubano.cu/images/PELOTERO SNB/4286.jpg]
[www.beisbolcubano.cu/images/PELOTERO SNB/7112.jpg]
[www.beisbolcubano.cu/images/PELOTERO SNB/5155.jpg]
[www.beisbolcubano.cu/images/PELOTERO SNB/6058.jpg]
[www.beisbolcubano.cu/images/PELOTERO SNB/4683.jpg]
[www.beisbolcubano.cu/images/PELOTERO SNB/7051.jpg]
[www.beisbolcubano.cu/images/PELOTERO SNB/5257.jpg]
[www.beisbolcubano.cu/images/PELOTERO SNB/5601.jpg]
[www.beisbolcubano.cu/general/ScoreBoard7d2e.html]
[www.beisbolcubano.cu/css/style33dbe1dc.css]
[www.beisbolcubano.cu/css/style33db7389.css]
[www.beisbolcubano.cu/general/ScoreBoardfe60.html]
[www.beisbolcubano.cu/images/PELOTERO SNB/5881.jpg]
[www.beisbolcubano.cu/images/PELOTERO SNB/4499.jpg]
[www.beisbolcubano.cu/images/PELOTERO SNB/5658.jpg]
[www.beisbolcubano.cu/images/PELOTERO SNB/9247.jpg]
[www.beisbolcubano.cu/images/PELOTERO SNB/4472.jpg]
[www.beisbolcubano.cu/images/PELOTERO SNB/7054.jpg]
[www.beisbolcubano.cu/general/ScoreBoard4bcb.html]
[www.beisbolcubano.cu/css/style33db7389.css]
[www.beisbolcubano.cu/css/style33db3a12.css]
[www.beisbolcubano.cu/images/PELOTERO SNB/5838.jpg]
[www.beisbolcubano.cu/images/PELOTERO SNB/9259.jpg]
[www.beisbolcubano.cu/images/PELOTERO SNB/5723.jpg]
[www.beisbolcubano.cu/general/ScoreBoardca70.html]
[www.beisbolcubano.cu/images/PELOTERO SNB/5740.jpg]
[www.beisbolcubano.cu/images/PELOTERO SNB/5291.jpg]
[www.beisbolcubano.cu/images/PELOTERO SNB/5943.jpg]
[www.beisbolcubano.cu/images/PELOTERO SNB/4340.jpg]
[www.beisbolcubano.cu/general/ScoreBoardfe60.html]
[www.beisbolcubano.cu/css/style33db3a12.css]
[www.beisbolcubano.cu/css/style33db1516.css]
[www.beisbolcubano.cu/general/ScoreBoard832c.html]
[www.beisbolcubano.cu/images/PELOTERO SNB/6008.jpg]
[www.beisbolcubano.cu/images/PELOTERO SNB/5778.jpg]
[www.beisbolcubano.cu/images/PELOTERO SNB/4068.jpg]
[www.beisbolcubano.cu/images/PELOTERO SNB/5810.jpg]
[www.beisbolcubano.cu/general/ScoreBoardca70.html]
[www.beisbolcubano.cu/css/style33db1516.css]
[www.beisbolcubano.cu/css/style33db6638.css]
[www.beisbolcubano.cu/images/PELOTERO SNB/5539.jpg]
[www.beisbolcubano.cu/images/PELOTERO SNB/5822.jpg]
[www.beisbolcubano.cu/general/ScoreBoard832c.html]
[www.beisbolcubano.cu/css/style33db6638.css]
[www.beisbolcubano.cu/general/ScoreBoard87c6.html]
[www.beisbolcubano.cu/css/style33db3e1f.css]
[www.beisbolcubano.cu/images/PELOTERO SNB/4715.jpg]
[www.beisbolcubano.cu/general/ScoreBoard003d.html]
[www.beisbolcubano.cu/images/PELOTERO SNB/5510.jpg]
[www.beisbolcubano.cu/images/PELOTERO SNB/4766.jpg]
[www.beisbolcubano.cu/images/PELOTERO SNB/4505.jpg]
[www.beisbolcubano.cu/images/PELOTERO SNB/5919.jpg]
[www.beisbolcubano.cu/general/ScoreBoard87c6.html]
[www.beisbolcubano.cu/css/style33db3e1f.css]
[www.beisbolcubano.cu/css/style33db57b3.css]
[www.beisbolcubano.cu/images/PELOTERO SNB/5454.jpg]
[www.beisbolcubano.cu/general/ScoreBoarda400.html]
[www.beisbolcubano.cu/images/PELOTERO SNB/7130.jpg]
[www.beisbolcubano.cu/general/ScoreBoard003d.html]
[www.beisbolcubano.cu/css/style33db57b3.css]
[www.beisbolcubano.cu/css/style33db63b6.css]
[www.beisbolcubano.cu/images/PELOTERO SNB/5267.jpg]
[www.beisbolcubano.cu/general/ScoreBoarda400.html]
[www.beisbolcubano.cu/css/style33db63b6.css]
[www.beisbolcubano.cu/general/ScoreBoarde724.html]
[www.beisbolcubano.cu/css/style33dbe657.css]
[www.beisbolcubano.cu/images/PELOTERO SNB/5846.jpg]
[www.beisbolcubano.cu/images/PELOTERO SNB/5393.jpg]
[www.beisbolcubano.cu/general/ScoreBoarddb42.html]
[www.beisbolcubano.cu/images/PELOTERO SNB/5929.jpg]
[www.beisbolcubano.cu/images/PELOTERO SNB/9209.jpg]
[www.beisbolcubano.cu/general/ScoreBoarde724.html]
[www.beisbolcubano.cu/css/style33dbe657.css]
[www.beisbolcubano.cu/css/style33dbd26b.css]
[www.beisbolcubano.cu/general/ScoreBoard144f.html]
[www.beisbolcubano.cu/images/PELOTERO SNB/7111.jpg]
[www.beisbolcubano.cu/images/PELOTERO SNB/5014.jpg]
[www.beisbolcubano.cu/images/PELOTERO SNB/5916.jpg]
[www.beisbolcubano.cu/general/ScoreBoarddb42.html]
[www.beisbolcubano.cu/css/style33dbd26b.css]
[www.beisbolcubano.cu/css/style33db5772.css]
[www.beisbolcubano.cu/images/PELOTERO SNB/5763.jpg]
[www.beisbolcubano.cu/images/PELOTERO SNB/4260.jpg]
[www.beisbolcubano.cu/images/PELOTERO SNB/5662.jpg]
[www.beisbolcubano.cu/general/ScoreBoard04ba.html]
[www.beisbolcubano.cu/images/PELOTERO SNB/9277.jpg]
[www.beisbolcubano.cu/images/PELOTERO SNB/6067.jpg]
[www.beisbolcubano.cu/images/PELOTERO SNB/5526.jpg]
[www.beisbolcubano.cu/images/PELOTERO SNB/5369.jpg]
[www.beisbolcubano.cu/general/ScoreBoard144f.html]
[www.beisbolcubano.cu/css/style33db5772.css]
[www.beisbolcubano.cu/css/style33db161d.css]
[www.beisbolcubano.cu/general/ScoreBoardc0c3.html]
[www.beisbolcubano.cu/images/PELOTERO SNB/5214.jpg]
[www.beisbolcubano.cu/images/PELOTERO SNB/5677.jpg]
[www.beisbolcubano.cu/images/PELOTERO SNB/5806.jpg]
[www.beisbolcubano.cu/general/ScoreBoard04ba.html]
[www.beisbolcubano.cu/css/style33db161d.css]
[www.beisbolcubano.cu/css/style33dbd985.css]
[www.beisbolcubano.cu/images/PELOTERO SNB/9278.jpg]
[www.beisbolcubano.cu/images/PELOTERO SNB/5354.jpg]
[www.beisbolcubano.cu/general/ScoreBoard5087.html]
[www.beisbolcubano.cu/images/PELOTERO SNB/7052.jpg]
[www.beisbolcubano.cu/general/ScoreBoardc0c3.html]
[www.beisbolcubano.cu/css/style33dbd985.css]
[www.beisbolcubano.cu/css/style33db56a7.css]
[www.beisbolcubano.cu/images/PELOTERO SNB/5864.jpg]
[www.beisbolcubano.cu/general/ScoreBoard5087.html]
[www.beisbolcubano.cu/css/style33db56a7.css]
[www.beisbolcubano.cu/general/ScoreBoard189a.html]
[www.beisbolcubano.cu/css/style33dbaa60.css]
[www.beisbolcubano.cu/images/PELOTERO SNB/5015.jpg]
[www.beisbolcubano.cu/general/ScoreBoard189a.html]
[www.beisbolcubano.cu/general/ScoreBoard9a73.html]
[www.beisbolcubano.cu/css/style33dbaa60.css]
[www.beisbolcubano.cu/css/style33db6aed.css]
[www.beisbolcubano.cu/images/PELOTERO SNB/8195.jpg]
[www.beisbolcubano.cu/general/ScoreBoard9a73.html]
[www.beisbolcubano.cu/css/style33db6aed.css]
[www.beisbolcubano.cu/general/ScoreBoard3110.html]
[www.beisbolcubano.cu/css/style33db24ba.css]
[www.beisbolcubano.cu/images/PELOTERO SNB/5768.jpg]
[www.beisbolcubano.cu/images/PELOTERO SNB/7135.jpg]
[www.beisbolcubano.cu/general/ScoreBoard12ab.html]
[www.beisbolcubano.cu/general/ScoreBoard3110.html]
[www.beisbolcubano.cu/css/style33db24ba.css]
[www.beisbolcubano.cu/css/style33db8707.css]
[www.beisbolcubano.cu/images/PELOTERO SNB/5140.jpg]
[www.beisbolcubano.cu/images/PELOTERO SNB/5132.jpg]
[www.beisbolcubano.cu/general/ScoreBoardf0c3.html]
[www.beisbolcubano.cu/images/PELOTERO SNB/5429.jpg]
[www.beisbolcubano.cu/general/ScoreBoard12ab.html]
[www.beisbolcubano.cu/css/style33db8707.css]
[www.beisbolcubano.cu/css/style33db1958.css]
[www.beisbolcubano.cu/general/ScoreBoardf0c3.html]
[www.beisbolcubano.cu/general/ScoreBoard2b2b.html]
[www.beisbolcubano.cu/css/style33db1958.css]
[www.beisbolcubano.cu/css/style33db24e9.css]
[www.beisbolcubano.cu/images/PELOTERO SNB/3968.jpg]
[www.beisbolcubano.cu/images/PELOTERO SNB/8148.jpg]
[www.beisbolcubano.cu/images/PELOTERO SNB/4293.jpg]
[www.beisbolcubano.cu/general/ScoreBoard4852.html]
[www.beisbolcubano.cu/general/ScoreBoard2b2b.html]
[www.beisbolcubano.cu/css/style33db24e9.css]
[www.beisbolcubano.cu/css/style33db8f53.css]
[www.beisbolcubano.cu/general/ScoreBoard3572.html]
[www.beisbolcubano.cu/images/PELOTERO SNB/9268.jpg]
[www.beisbolcubano.cu/general/ScoreBoard4852.html]
[www.beisbolcubano.cu/css/style33db8f53.css]
[www.beisbolcubano.cu/css/style33dba4c7.css]
[www.beisbolcubano.cu/images/PELOTERO SNB/9233.jpg]
[www.beisbolcubano.cu/general/ScoreBoard3572.html]
[www.beisbolcubano.cu/css/style33dba4c7.css]
[www.beisbolcubano.cu/images/PELOTERO SNB/5002.jpg]
[www.beisbolcubano.cu/general/ScoreBoard3c6f.html]
[www.beisbolcubano.cu/css/style33dbafa0.css]
[www.beisbolcubano.cu/images/PELOTERO SNB/5218.jpg]
[www.beisbolcubano.cu/general/ScoreBoardfe03.html]
[www.beisbolcubano.cu/images/PELOTERO SNB/4862.jpg]
[www.beisbolcubano.cu/general/ScoreBoard3c6f.html]
[www.beisbolcubano.cu/css/style33dbafa0.css]
[www.beisbolcubano.cu/css/style33dbbd78.css]
[www.beisbolcubano.cu/images/PELOTERO SNB/5957.jpg]
[www.beisbolcubano.cu/general/ScoreBoardfe03.html]
[www.beisbolcubano.cu/general/ScoreBoard7f4d.html]
[www.beisbolcubano.cu/css/style33dbbd78.css]
[www.beisbolcubano.cu/css/style33db3e95.css]
[www.beisbolcubano.cu/general/ScoreBoard7f4d.html]
[www.beisbolcubano.cu/css/style33db3e95.css]
[www.beisbolcubano.cu/general/ScoreBoard8165.html]
[www.beisbolcubano.cu/css/style33dbc639.css]
[www.beisbolcubano.cu/images/PELOTERO SNB/5795.jpg]
[www.beisbolcubano.cu/general/ScoreBoard8165.html]
[www.beisbolcubano.cu/css/style33dbc639.css]
[www.beisbolcubano.cu/general/ScoreBoardd1a7.html]
[www.beisbolcubano.cu/css/style33dbf106.css]
[www.beisbolcubano.cu/general/ScoreBoardd1a7.html]
[www.beisbolcubano.cu/general/ScoreBoard278e.html]
[www.beisbolcubano.cu/css/style33dbf106.css]
[www.beisbolcubano.cu/css/style33db0842.css]
[www.beisbolcubano.cu/general/ScoreBoard278e.html]
[www.beisbolcubano.cu/css/style33db0842.css]
[www.beisbolcubano.cu/general/ScoreBoard0f2c.html]
[www.beisbolcubano.cu/css/style33dbb8f0.css]
[www.beisbolcubano.cu/images/PELOTERO SNB/4163.jpg]
[www.beisbolcubano.cu/general/ScoreBoard0f2c.html]
[www.beisbolcubano.cu/css/style33dbb8f0.css]
[www.beisbolcubano.cu/general/ScoreBoarda8f6.html]
[www.beisbolcubano.cu/css/style33dbfe49.css]
[www.beisbolcubano.cu/images/PELOTERO SNB/5772.jpg]
[www.beisbolcubano.cu/general/ScoreBoarda8f6.html]
[www.beisbolcubano.cu/general/ScoreBoardaa61.html]
[www.beisbolcubano.cu/css/style33dbfe49.css]
[www.beisbolcubano.cu/css/style33db4058.css]
[www.beisbolcubano.cu/general/ScoreBoardaa61.html]
[www.beisbolcubano.cu/css/style33db4058.css]
[www.beisbolcubano.cu/general/ScoreBoard89c7.html]
[www.beisbolcubano.cu/css/style33db4f35.css]
[www.beisbolcubano.cu/images/PELOTERO SNB/5949.jpg]
[www.beisbolcubano.cu/general/ScoreBoard89c7.html]
[www.beisbolcubano.cu/css/style33db4f35.css]
[www.beisbolcubano.cu/general/ScoreBoard4aae.html]
[www.beisbolcubano.cu/css/style33db47d0.css]
[www.beisbolcubano.cu/general/ScoreBoard4aae.html]
[www.beisbolcubano.cu/general/ScoreBoard9915.html]
[www.beisbolcubano.cu/css/style33db47d0.css]
[www.beisbolcubano.cu/css/style33dbc68a.css]
[www.beisbolcubano.cu/general/ScoreBoard9915.html]
[www.beisbolcubano.cu/css/style33dbc68a.css]
[www.beisbolcubano.cu/general/ScoreBoarddac2.html]
[www.beisbolcubano.cu/css/style33db312a.css]
[www.beisbolcubano.cu/general/ScoreBoarddac2.html]
[www.beisbolcubano.cu/css/style33db312a.css]
[www.beisbolcubano.cu/general/ScoreBoardcb6d.html]
[www.beisbolcubano.cu/css/style33db8959.css]
[www.beisbolcubano.cu/images/PELOTERO SNB/4461.jpg]
[www.beisbolcubano.cu/general/ScoreBoardcb6d.html]
[www.beisbolcubano.cu/css/style33db8959.css]
[www.beisbolcubano.cu/images/PELOTERO SNB/4887.jpg]
[www.beisbolcubano.cu/general/ScoreBoarde784.html]
[www.beisbolcubano.cu/css/style33db7c6d.css]
[www.beisbolcubano.cu/images/PELOTERO SNB/5298.jpg]
[www.beisbolcubano.cu/general/ScoreBoard441d.html]
[www.beisbolcubano.cu/general/ScoreBoarde784.html]
[www.beisbolcubano.cu/css/style33db7c6d.css]
[www.beisbolcubano.cu/css/style33dbdb24.css]
[www.beisbolcubano.cu/images/PELOTERO SNB/5767.jpg]
[www.beisbolcubano.cu/images/PELOTERO SNB/7103.jpg]
[www.beisbolcubano.cu/general/ScoreBoardfd11.html]
[www.beisbolcubano.cu/general/ScoreBoard441d.html]
[www.beisbolcubano.cu/css/style33dbdb24.css]
[www.beisbolcubano.cu/css/style33dbae97.css]
[www.beisbolcubano.cu/images/PELOTERO SNB/4351.jpg]
[www.beisbolcubano.cu/general/ScoreBoardfd11.html]
[www.beisbolcubano.cu/general/ScoreBoard08c7.html]
[www.beisbolcubano.cu/css/style33dbae97.css]
[www.beisbolcubano.cu/css/style33dba5dd.css]
[www.beisbolcubano.cu/general/ScoreBoard08c7.html]
[www.beisbolcubano.cu/css/style33dba5dd.css]
[www.beisbolcubano.cu/general/ScoreBoardc18d.html]
[www.beisbolcubano.cu/css/style33dba0ec.css]
[www.beisbolcubano.cu/general/ScoreBoardc18d.html]
[www.beisbolcubano.cu/css/style33dba0ec.css]
[www.beisbolcubano.cu/general/ScoreBoard94c3.html]
[www.beisbolcubano.cu/css/style33dbded1.css]
[www.beisbolcubano.cu/general/ScoreBoard94c3.html]
[www.beisbolcubano.cu/css/style33dbded1.css]
[www.beisbolcubano.cu/general/ScoreBoard6e6d.html]
[www.beisbolcubano.cu/css/style33dbffc8.css]
[www.beisbolcubano.cu/general/ScoreBoard6e6d.html]
[www.beisbolcubano.cu/css/style33dbffc8.css]
[www.beisbolcubano.cu/general/ScoreBoard53fd.html]
[www.beisbolcubano.cu/css/style33db051d.css]
[www.beisbolcubano.cu/images/PELOTERO SNB/7067.jpg]
[www.beisbolcubano.cu/general/ScoreBoard53fd.html]
[www.beisbolcubano.cu/css/style33db051d.css]
[www.beisbolcubano.cu/general/ScoreBoardac79.html]
[www.beisbolcubano.cu/css/style33db91b8.css]
[www.beisbolcubano.cu/general/ScoreBoardac79.html]
[www.beisbolcubano.cu/general/ScoreBoard1c02.html]
[www.beisbolcubano.cu/css/style33db91b8.css]
[www.beisbolcubano.cu/css/style33dbaa27.css]
[www.beisbolcubano.cu/images/PELOTERO SNB/3667.jpg]
[www.beisbolcubano.cu/images/PELOTERO SNB/9285.jpg]
[www.beisbolcubano.cu/general/ScoreBoard1c02.html]
[www.beisbolcubano.cu/css/style33dbaa27.css]
[www.beisbolcubano.cu/general/ScoreBoard22b2.html]
[www.beisbolcubano.cu/css/style33db68c2.css]
[www.beisbolcubano.cu/images/PELOTERO SNB/5108.jpg]
[www.beisbolcubano.cu/general/ScoreBoard9a7f.html]
[www.beisbolcubano.cu/images/PELOTERO SNB/5296.jpg]
[www.beisbolcubano.cu/general/ScoreBoard22b2.html]
[www.beisbolcubano.cu/css/style33db68c2.css]
[www.beisbolcubano.cu/css/style33dbe3a8.css]
[www.beisbolcubano.cu/general/ScoreBoard9a7f.html]
[www.beisbolcubano.cu/css/style33dbe3a8.css]
[www.beisbolcubano.cu/general/ScoreBoard05c4.html]
[www.beisbolcubano.cu/css/style33dbab45.css]
[www.beisbolcubano.cu/images/PELOTERO SNB/6028.jpg]
[www.beisbolcubano.cu/general/ScoreBoard05c4.html]
[www.beisbolcubano.cu/css/style33dbab45.css]
[www.beisbolcubano.cu/general/ScoreBoard0896.html]
[www.beisbolcubano.cu/css/style33dbd10d.css]
[www.beisbolcubano.cu/images/PELOTERO SNB/4891.jpg]
[www.beisbolcubano.cu/general/ScoreBoard0896.html]
[www.beisbolcubano.cu/css/style33dbd10d.css]
[www.beisbolcubano.cu/general/ScoreBoard2f77.html]
[www.beisbolcubano.cu/css/style33db3347.css]
[www.beisbolcubano.cu/general/ScoreBoard2f77.html]
[www.beisbolcubano.cu/general/ScoreBoard9cf9.html]
[www.beisbolcubano.cu/css/style33db3347.css]
[www.beisbolcubano.cu/css/style33db4ee3.css]
[www.beisbolcubano.cu/images/PELOTERO SNB/5103.jpg]
[www.beisbolcubano.cu/general/ScoreBoard9cf9.html]
[www.beisbolcubano.cu/css/style33db4ee3.css]
[www.beisbolcubano.cu/general/ScoreBoardbf2d.html]
[www.beisbolcubano.cu/css/style33db37dd.css]
[www.beisbolcubano.cu/images/PELOTERO SNB/5921.jpg]
[www.beisbolcubano.cu/general/ScoreBoardbf2d.html]
[www.beisbolcubano.cu/general/ScoreBoard0a44.html]
[www.beisbolcubano.cu/css/style33db37dd.css]
[www.beisbolcubano.cu/css/style33db4027.css]
[www.beisbolcubano.cu/general/ScoreBoard0a44.html]
[www.beisbolcubano.cu/general/ScoreBoardf352.html]
[www.beisbolcubano.cu/css/style33db4027.css]
[www.beisbolcubano.cu/css/style33db48be.css]
[www.beisbolcubano.cu/images/PELOTERO SNB/9262.jpg]
[www.beisbolcubano.cu/images/PELOTERO SNB/5758.jpg]
[www.beisbolcubano.cu/general/ScoreBoardf352.html]
[www.beisbolcubano.cu/css/style33db48be.css]
[www.beisbolcubano.cu/general/ScoreBoard0cc2.html]
[www.beisbolcubano.cu/css/style33dbf325.css]
[www.beisbolcubano.cu/general/ScoreBoard0cc2.html]
[www.beisbolcubano.cu/general/ScoreBoardf422.html]
[www.beisbolcubano.cu/css/style33dbf325.css]
[www.beisbolcubano.cu/css/style33dbe295.css]
[www.beisbolcubano.cu/images/PELOTERO SNB/4932.jpg]
[www.beisbolcubano.cu/general/ScoreBoardf422.html]
[www.beisbolcubano.cu/css/style33dbe295.css]
[www.beisbolcubano.cu/images/PELOTERO SNB/5962.jpg]
[www.beisbolcubano.cu/general/ScoreBoardd6f7.html]
[www.beisbolcubano.cu/css/style33db78dc.css]
[www.beisbolcubano.cu/general/ScoreBoardd6f7.html]
[www.beisbolcubano.cu/general/ScoreBoarda20d.html]
[www.beisbolcubano.cu/css/style33db78dc.css]
[www.beisbolcubano.cu/css/style33db3b54.css]
[www.beisbolcubano.cu/general/ScoreBoarda20d.html]
[www.beisbolcubano.cu/css/style33db3b54.css]
[www.beisbolcubano.cu/general/ScoreBoardeaf5.html]
[www.beisbolcubano.cu/css/style33dbac5d.css]
[www.beisbolcubano.cu/images/PELOTERO SNB/5853.jpg]
[www.beisbolcubano.cu/general/ScoreBoardeaf5.html]
[www.beisbolcubano.cu/css/style33dbac5d.css]
[www.beisbolcubano.cu/general/ScoreBoardcbe5.html]
[www.beisbolcubano.cu/css/style33db3450.css]
[www.beisbolcubano.cu/general/ScoreBoardcbe5.html]
[www.beisbolcubano.cu/general/ScoreBoard7fd6.html]
[www.beisbolcubano.cu/css/style33db3450.css]
[www.beisbolcubano.cu/css/style33db5245.css]
[www.beisbolcubano.cu/images/PELOTERO SNB/8136.jpg]
[www.beisbolcubano.cu/general/ScoreBoard7fd6.html]
[www.beisbolcubano.cu/css/style33db5245.css]
[www.beisbolcubano.cu/images/PELOTERO SNB/5396.jpg]
[www.beisbolcubano.cu/general/ScoreBoardd604.html]
[www.beisbolcubano.cu/css/style33db550d.css]
[www.beisbolcubano.cu/general/ScoreBoardd604.html]
[www.beisbolcubano.cu/general/ScoreBoard0e14.html]
[www.beisbolcubano.cu/css/style33db550d.css]
[www.beisbolcubano.cu/css/style33db5179.css]
[www.beisbolcubano.cu/images/PELOTERO SNB/7079.jpg]
[www.beisbolcubano.cu/general/ScoreBoard0e14.html]
[www.beisbolcubano.cu/css/style33db5179.css]
[www.beisbolcubano.cu/general/ScoreBoardacb1.html]
[www.beisbolcubano.cu/css/style33db4347.css]
[www.beisbolcubano.cu/general/ScoreBoardacb1.html]
[www.beisbolcubano.cu/general/ScoreBoardc51b.html]
[www.beisbolcubano.cu/css/style33db4347.css]
[www.beisbolcubano.cu/css/style33db3949.css]
[www.beisbolcubano.cu/general/ScoreBoardc51b.html]
[www.beisbolcubano.cu/css/style33db3949.css]
[www.beisbolcubano.cu/general/ScoreBoardfa01.html]
[www.beisbolcubano.cu/css/style33dbafcd.css]
[www.beisbolcubano.cu/general/ScoreBoardfa01.html]
[www.beisbolcubano.cu/css/style33dbafcd.css]
[www.beisbolcubano.cu/images/PELOTERO SNB/5432.jpg]
[www.beisbolcubano.cu/general/ScoreBoardfec2.html]
[www.beisbolcubano.cu/css/style33db7cf0.css]
[www.beisbolcubano.cu/general/ScoreBoardfec2.html]
[www.beisbolcubano.cu/general/ScoreBoard0013.html]
[www.beisbolcubano.cu/css/style33db7cf0.css]
[www.beisbolcubano.cu/css/style33db7cd2.css]
[www.beisbolcubano.cu/images/logos/bases.png]
[www.beisbolcubano.cu/images/logos/Audio_1.png]
[www.beisbolcubano.cu/images/medios/LTU-radio.jpg]
[www.beisbolcubano.cu/general/ScoreBoard0013.html]
[www.beisbolcubano.cu/css/style33db7cd2.css]
[www.beisbolcubano.cu/general/ScoreBoard2c44.html]
[www.beisbolcubano.cu/css/style33dbb007.css]
[www.beisbolcubano.cu/images/PELOTERO SNB/8181.jpg]
[www.beisbolcubano.cu/images/PELOTERO SNB/5586.jpg]
[www.beisbolcubano.cu/images/PELOTERO SNB/5969.jpg]
[www.beisbolcubano.cu/general/ScoreBoard28c6.html]
[www.beisbolcubano.cu/general/ScoreBoard2c44.html]
[www.beisbolcubano.cu/css/style33dbb007.css]
[www.beisbolcubano.cu/css/style33db6b4c.css]
[www.beisbolcubano.cu/general/ScoreBoard28c6.html]
[www.beisbolcubano.cu/general/ScoreBoardc280.html]
[www.beisbolcubano.cu/css/style33db6b4c.css]
[www.beisbolcubano.cu/css/style33db8e6b.css]
[www.beisbolcubano.cu/general/ScoreBoardc280.html]
[www.beisbolcubano.cu/css/style33db8e6b.css]
[www.beisbolcubano.cu/general/ScoreBoard05c5.html]
[www.beisbolcubano.cu/css/style33db9048.css]
[www.beisbolcubano.cu/images/PELOTERO SNB/5922.jpg]
[www.beisbolcubano.cu/images/PELOTERO SNB/7095.jpg]
[www.beisbolcubano.cu/images/PELOTERO SNB/4620.jpg]
[www.beisbolcubano.cu/general/ScoreBoard5aff.html]
[www.beisbolcubano.cu/general/ScoreBoard05c5.html]
[www.beisbolcubano.cu/css/style33db9048.css]
[www.beisbolcubano.cu/css/style33dbbc84.css]
[www.beisbolcubano.cu/general/ScoreBoard85aa.html]
[www.beisbolcubano.cu/images/PELOTERO SNB/7062.jpg]
[www.beisbolcubano.cu/images/PELOTERO SNB/9235.jpg]
[www.beisbolcubano.cu/general/ScoreBoard5aff.html]
[www.beisbolcubano.cu/css/style33dbbc84.css]
[www.beisbolcubano.cu/css/style33db0ab8.css]
[www.beisbolcubano.cu/images/PELOTERO SNB/6065.jpg]
[www.beisbolcubano.cu/images/PELOTERO SNB/5136.jpg]
[www.beisbolcubano.cu/general/ScoreBoard85aa.html]
[www.beisbolcubano.cu/css/style33db0ab8.css]
[www.beisbolcubano.cu/general/ScoreBoard9b62.html]
[www.beisbolcubano.cu/css/style33dbfd93.css]
[www.beisbolcubano.cu/images/PELOTERO SNB/6019.jpg]
[www.beisbolcubano.cu/images/PELOTERO SNB/5285.jpg]
[www.beisbolcubano.cu/general/ScoreBoard9b62.html]
[www.beisbolcubano.cu/css/style33dbfd93.css]
