[www.beisbolcubano.cu/general/calendario.html]
[backblue.gif]
[fade.gif]
[index.html]
[www.beisbolcubano.cu/css/bootstrap33db33db.css]
[www.beisbolcubano.cu/css/font-awesome33db33db.css]
[www.beisbolcubano.cu/css/assets33db33db.css]
[www.beisbolcubano.cu/css/style33db99f3.css]
[www.beisbolcubano.cu/css/responsive33db33db.css]
[www.beisbolcubano.cu/images/estilos/snb60_c.png]
[www.beisbolcubano.cu/general/ScoreBoard.html]
[www.beisbolcubano.cu/general/todos_equipos.html]
[www.beisbolcubano.cu/images/logos/100 x 100/pri.png]
[www.beisbolcubano.cu/general/equiposb4b7.html]
[www.beisbolcubano.cu/images/logos/100 x 100/ijv.png]
[www.beisbolcubano.cu/general/equipos27c8.html]
[www.beisbolcubano.cu/images/logos/100 x 100/art.png]
[www.beisbolcubano.cu/general/equipos2379.html]
[www.beisbolcubano.cu/images/logos/100 x 100/may.png]
[www.beisbolcubano.cu/general/equiposf34b.html]
[www.beisbolcubano.cu/images/logos/100 x 100/ind.png]
[www.beisbolcubano.cu/general/equipos6ed1.html]
[www.beisbolcubano.cu/images/logos/100 x 100/mtz.png]
[www.beisbolcubano.cu/general/equipos7e6e.html]
[www.beisbolcubano.cu/images/logos/100 x 100/cfg.png]
[www.beisbolcubano.cu/general/equiposeee8.html]
[www.beisbolcubano.cu/images/logos/100 x 100/vcl.png]
[www.beisbolcubano.cu/general/equipos05bc.html]
[www.beisbolcubano.cu/images/logos/100 x 100/ssp.png]
[www.beisbolcubano.cu/general/equipos675a.html]
[www.beisbolcubano.cu/images/logos/100 x 100/cav.png]
[www.beisbolcubano.cu/general/equiposab30.html]
[www.beisbolcubano.cu/images/logos/100 x 100/cmg.png]
[www.beisbolcubano.cu/general/equipos6486.html]
[www.beisbolcubano.cu/images/logos/100 x 100/ltu.png]
[www.beisbolcubano.cu/general/equipos9553.html]
[www.beisbolcubano.cu/images/logos/100 x 100/hol.png]
[www.beisbolcubano.cu/general/equipos8349.html]
[www.beisbolcubano.cu/images/logos/100 x 100/gra.png]
[www.beisbolcubano.cu/general/equiposb870.html]
[www.beisbolcubano.cu/images/logos/100 x 100/scu.png]
[www.beisbolcubano.cu/general/equiposd2da.html]
[www.beisbolcubano.cu/images/logos/100 x 100/gtm.png]
[www.beisbolcubano.cu/general/equiposf1cd.html]
[www.beisbolcubano.cu/images/estilos/snb.png]
[www.beisbolcubano.cu/images/estilos/SNB60_c-2.png]
[www.beisbolcubano.cu/images/logos/24 x 24/pri.png]
[www.beisbolcubano.cu/images/logos/24 x 24/ijv.png]
[www.beisbolcubano.cu/images/logos/24 x 24/art.png]
[www.beisbolcubano.cu/images/logos/24 x 24/may.png]
[www.beisbolcubano.cu/images/logos/24 x 24/ssp.png]
[www.beisbolcubano.cu/images/logos/24 x 24/cav.png]
[www.beisbolcubano.cu/images/logos/24 x 24/cmg.png]
[www.beisbolcubano.cu/images/logos/24 x 24/ltu.png]
[www.beisbolcubano.cu/images/logos/24 x 24/ind.png]
[www.beisbolcubano.cu/images/logos/24 x 24/mtz.png]
[www.beisbolcubano.cu/images/logos/24 x 24/cfg.png]
[www.beisbolcubano.cu/images/logos/24 x 24/vcl.png]
[www.beisbolcubano.cu/images/logos/24 x 24/hol.png]
[www.beisbolcubano.cu/images/logos/24 x 24/gra.png]
[www.beisbolcubano.cu/images/logos/24 x 24/scu.png]
[www.beisbolcubano.cu/images/logos/24 x 24/gtm.png]
[www.beisbolcubano.cu/css/calendario33db.css]
[www.beisbolcubano.cu/images/logos/100 x 100/snb.png]
[www.beisbolcubano.cu/general/calendarioc3c6.html]
[www.beisbolcubano.cu/general/calendariob4b7.html]
[www.beisbolcubano.cu/general/calendario27c8.html]
[www.beisbolcubano.cu/general/calendario2379.html]
[www.beisbolcubano.cu/general/calendariof34b.html]
[www.beisbolcubano.cu/general/calendario6ed1.html]
[www.beisbolcubano.cu/general/calendario7e6e.html]
[www.beisbolcubano.cu/general/calendarioeee8.html]
[www.beisbolcubano.cu/general/calendario05bc.html]
[www.beisbolcubano.cu/general/calendario675a.html]
[www.beisbolcubano.cu/general/calendarioab30.html]
[www.beisbolcubano.cu/general/calendario6486.html]
[www.beisbolcubano.cu/general/calendario9553.html]
[www.beisbolcubano.cu/general/calendario8349.html]
[www.beisbolcubano.cu/general/calendariob870.html]
[www.beisbolcubano.cu/images/logos/45 x 45/CFG.png]
[www.beisbolcubano.cu/images/logos/45 x 45/MTZ.png]
[www.beisbolcubano.cu/general/calendariod2da.html]
[www.beisbolcubano.cu/images/logos/45 x 45/PRI.png]
[www.beisbolcubano.cu/images/logos/45 x 45/SSP.png]
[www.beisbolcubano.cu/images/logos/45 x 45/LTU.png]
[www.beisbolcubano.cu/images/logos/45 x 45/SCU.png]
[www.beisbolcubano.cu/general/calendariof1cd.html]
[www.beisbolcubano.cu/images/logos/45 x 45/IND.png]
[www.beisbolcubano.cu/images/logos/45 x 45/GRA.png]
[www.beisbolcubano.cu/images/logos/45 x 45/IJV.png]
[www.beisbolcubano.cu/images/logos/45 x 45/VCL.png]
[www.beisbolcubano.cu/images/logos/45 x 45/ART.png]
[www.beisbolcubano.cu/images/logos/45 x 45/HOL.png]
[www.beisbolcubano.cu/images/logos/45 x 45/GTM.png]
[www.beisbolcubano.cu/images/logos/45 x 45/MAY.png]
[www.beisbolcubano.cu/images/logos/45 x 45/CAV.png]
[www.beisbolcubano.cu/images/logos/45 x 45/CMG.png]
[www.beisbolcubano.cu/images/logos/footer/sinfo-logo_c.png]
[www.beisbolcubano.cu/images/logos/footer/coc_c.png]
[www.beisbolcubano.cu/images/logos/footer/fcb_c.png]
[www.beisbolcubano.cu/images/logos/footer/SNB60_c.png]
[www.beisbolcubano.cu/images/logos/footer/snb_c.png]
[www.beisbolcubano.cu/images/logos/footer/SNB60_CDR60_c.png]
[www.beisbolcubano.cu/images/logos/footer/jit_c.png]
[www.beisbolcubano.cu/images/logos/footer/inder_h_c.png]
[www.beisbolcubano.cu/js/shop33db.js]
[www.beisbolcubano.cu/js/jquery.nivoslider.min33db.js]
[www.beisbolcubano.cu/js/jquery.bxslider.min33dbaf46.js]
[www.beisbolcubano.cu/js/jquery.fancybox.min33db33db.js]
[www.beisbolcubano.cu/js/jquery.ajax-cart33db33db.js]
[www.beisbolcubano.cu/general/calendario.html]
[www.beisbolcubano.cu/css/bootstrap33db33db.css]
[www.beisbolcubano.cu/css/font-awesome33db33db.css]
[www.beisbolcubano.cu/css/assets33db33db.css]
[www.beisbolcubano.cu/css/style33db99f3.css]
[www.beisbolcubano.cu/css/responsive33db33db.css]
[www.beisbolcubano.cu/general/ScoreBoard.html]
[www.beisbolcubano.cu/general/todos_equipos.html]
[www.beisbolcubano.cu/general/equiposb4b7.html]
[www.beisbolcubano.cu/general/equipos27c8.html]
[www.beisbolcubano.cu/general/equipos2379.html]
[www.beisbolcubano.cu/general/equiposf34b.html]
[www.beisbolcubano.cu/general/equipos6ed1.html]
[www.beisbolcubano.cu/general/equipos7e6e.html]
[www.beisbolcubano.cu/general/equiposeee8.html]
[www.beisbolcubano.cu/general/equipos05bc.html]
[www.beisbolcubano.cu/general/equipos675a.html]
[www.beisbolcubano.cu/general/equiposab30.html]
[www.beisbolcubano.cu/general/equipos6486.html]
[www.beisbolcubano.cu/general/equipos9553.html]
[www.beisbolcubano.cu/general/equipos8349.html]
[www.beisbolcubano.cu/general/equiposb870.html]
[www.beisbolcubano.cu/general/equiposd2da.html]
[www.beisbolcubano.cu/general/equiposf1cd.html]
[www.beisbolcubano.cu/css/calendario33db.css]
[www.beisbolcubano.cu/general/calendarioc3c6.html]
[www.beisbolcubano.cu/general/calendariob4b7.html]
[www.beisbolcubano.cu/general/calendario27c8.html]
[www.beisbolcubano.cu/general/calendario2379.html]
[www.beisbolcubano.cu/general/calendariof34b.html]
[www.beisbolcubano.cu/general/calendario6ed1.html]
[www.beisbolcubano.cu/general/calendario7e6e.html]
[www.beisbolcubano.cu/general/calendarioeee8.html]
[www.beisbolcubano.cu/general/calendario05bc.html]
[www.beisbolcubano.cu/general/calendario675a.html]
[www.beisbolcubano.cu/general/calendarioab30.html]
[www.beisbolcubano.cu/general/calendario6486.html]
[www.beisbolcubano.cu/general/calendario9553.html]
[www.beisbolcubano.cu/general/calendario8349.html]
[www.beisbolcubano.cu/general/calendariob870.html]
[www.beisbolcubano.cu/general/calendariod2da.html]
[www.beisbolcubano.cu/general/calendariof1cd.html]
[www.beisbolcubano.cu/general/default.html]
